// Jest Snapshot v1, https://goo.gl/fbAQLP

exports[`Container tests should render correctly + 1`] = `
<StyledComponent
  forwardedComponent={
    Object {
      "$$typeof": Symbol(react.forward_ref),
      "attrs": Array [],
      "componentStyle": ComponentStyle {
        "componentId": "sc-bdVaJa",
        "isStatic": false,
        "rules": Array [
          "
  display: flex;
  flex-flow: row wrap;
  align-items: center;

  width: 76%;

  background-color: #0138a5;
  background-color: ___CSS_1___;

  color: #ffffff;
  color: ___CSS_2___;
  
  padding: 12px 10%;
  padding-top: ___CSS_3___;
  padding-bottom: ___CSS_4___;
  
  box-shadow: 0px 2px 2px 0px rgba(0, 0, 0, 0.30);
  margin: 7px;


  * {
    margin-right: 16px;
  }
",
        ],
      },
      "displayName": "styled.div",
      "foldedComponentIds": Array [],
      "render": [Function],
      "styledComponentId": "sc-bdVaJa",
      "target": "div",
      "toString": [Function],
      "usesTheme": false,
      "warnTooManyClasses": [Function],
      "withComponent": [Function],
    }
  }
  forwardedRef={null}
>
  +
</StyledComponent>
`;
