// Jest Snapshot v1, https://goo.gl/fbAQLP

exports[`Container tests should render correctly 1`] = `
<StyledComponent
  forwardedComponent={
    Object {
      "$$typeof": Symbol(react.forward_ref),
      "attrs": Array [],
      "componentStyle": ComponentStyle {
        "componentId": "sc-bdVaJa",
        "isStatic": false,
        "rules": Array [
          "
  display: flex;
  flex-flow: row wrap;
  align-items: left;

  // width: 100%;


  * {
    margin-right: 16px;
  }
",
        ],
      },
      "displayName": "styled.div",
      "foldedComponentIds": Array [],
      "render": [Function],
      "styledComponentId": "sc-bdVaJa",
      "target": "div",
      "toString": [Function],
      "usesTheme": false,
      "warnTooManyClasses": [Function],
      "withComponent": [Function],
    }
  }
  forwardedRef={null}
>
  +
</StyledComponent>
`;
